ishidamorihiro@ishidamoridainoMacBook-Pro git_challenge % git init
hint: Using 'master' as the name for the initial branch. This default branch name
hint: is subject to change. To configure the initial branch name to use in all
hint: of your new repositories, which will suppress this warning, call:
hint: 
hint:   git config --global init.defaultBranch <name>
hint: 
hint: Names commonly chosen instead of 'master' are 'main', 'trunk' and
hint: 'development'. The just-created branch can be renamed via this command:
hint: 
hint:   git branch -m <name>
Initialized empty Git repository in /Users/ishidamorihiro/Desktop/git_challenge/.git/
ishidamorihiro@ishidamoridainoMacBook-Pro git_challenge % git add hello_world.txt 
ishidamorihiro@ishidamoridainoMacBook-Pro git_challenge % git commit -m hello_world.txtを追加
[master (root-commit) 659cd35] hello_world.txtを追加
 1 file changed, 1 insertion(+)
 create mode 100644 hello_world.txt
ishidamorihiro@ishidamoridainoMacBook-Pro git_challenge % git add hello_world.txt 
ishidamorihiro@ishidamoridainoMacBook-Pro git_challenge % git add hello_world.txt
ishidamorihiro@ishidamoridainoMacBook-Pro git_challenge % git commit -m 日本語訳を追記
[master c57751f] 日本語訳を追記
 1 file changed, 2 insertions(+), 1 deletion(-)
ishidamorihiro@ishidamoridainoMacBook-Pro git_challenge % git log  
commit c57751f3b6a86378609c3cbd1b70e09b2d9ea2a3 (HEAD -> master)
Author: Mori-lab2705 <morihiro2705@gamil.com>
Date:   Sun Feb 18 13:06:48 2024 +0900

    日本語訳を追記

commit 659cd35605bb7c7db6d0b4e6c6230eabccab576c
Author: Mori-lab2705 <morihiro2705@gamil.com>
Date:   Sun Feb 18 13:04:48 2024 +0900

    hello_world.txtを追加
ishidamorihiro@ishidamoridainoMacBook-Pro git_challenge % 
